src/app/auth/forgot-password/page.tsx(6,23): error TS2307: Cannot find module '@/components/ui/input' or its corresponding type declarations.
src/app/auth/forgot-password/page.tsx(7,23): error TS2307: Cannot find module '@/components/ui/label' or its corresponding type declarations.
src/app/auth/forgot-password/page.tsx(48,23): error TS2322: Type '{ children: Element; asChild: true; variant: "outline"; className: string; }' is not assignable to type 'IntrinsicAttributes & ButtonProps & VariantProps<(props?: (ConfigVariants<{ variant: { default: string; outline: string; secondary: string; ghost: string; destructive: string; link: string; }; size: { ...; }; }> & ClassProp) | undefined) => string>'.
  Property 'asChild' does not exist on type 'IntrinsicAttributes & ButtonProps & VariantProps<(props?: (ConfigVariants<{ variant: { default: string; outline: string; secondary: string; ghost: string; destructive: string; link: string; }; size: { ...; }; }> & ClassProp) | undefined) => string>'.
src/app/auth/forgot-password/page.tsx(71,34): error TS7006: Parameter 'e' implicitly has an 'any' type.
src/app/auth/login/page.tsx(7,23): error TS2307: Cannot find module '@/components/ui/input' or its corresponding type declarations.
src/app/auth/login/page.tsx(8,23): error TS2307: Cannot find module '@/components/ui/label' or its corresponding type declarations.
src/app/auth/login/page.tsx(10,50): error TS2724: '"lucide-react"' has no exported member named 'Chrome'. Did you mean 'Home'?
src/app/auth/login/page.tsx(107,30): error TS7006: Parameter 'e' implicitly has an 'any' type.
src/app/auth/login/page.tsx(127,30): error TS7006: Parameter 'e' implicitly has an 'any' type.
src/app/auth/signup/page.tsx(7,23): error TS2307: Cannot find module '@/components/ui/input' or its corresponding type declarations.
src/app/auth/signup/page.tsx(8,23): error TS2307: Cannot find module '@/components/ui/label' or its corresponding type declarations.
src/app/auth/signup/page.tsx(10,56): error TS2724: '"lucide-react"' has no exported member named 'Chrome'. Did you mean 'Home'?
src/app/auth/signup/page.tsx(116,30): error TS7006: Parameter 'e' implicitly has an 'any' type.
src/app/auth/signup/page.tsx(131,30): error TS7006: Parameter 'e' implicitly has an 'any' type.
src/app/auth/signup/page.tsx(146,30): error TS7006: Parameter 'e' implicitly has an 'any' type.
src/app/dashboard/page.tsx(79,47): error TS2322: Type '{ children: Element; variant: "ghost"; size: "sm"; asChild: true; className: string; }' is not assignable to type 'IntrinsicAttributes & ButtonProps & VariantProps<(props?: (ConfigVariants<{ variant: { default: string; outline: string; secondary: string; ghost: string; destructive: string; link: string; }; size: { ...; }; }> & ClassProp) | undefined) => string>'.
  Property 'asChild' does not exist on type 'IntrinsicAttributes & ButtonProps & VariantProps<(props?: (ConfigVariants<{ variant: { default: string; outline: string; secondary: string; ghost: string; destructive: string; link: string; }; size: { ...; }; }> & ClassProp) | undefined) => string>'.
src/app/onboarding/page.tsx(7,23): error TS2307: Cannot find module '@/components/ui/input' or its corresponding type declarations.
src/app/onboarding/page.tsx(196,28): error TS7006: Parameter 'e' implicitly has an 'any' type.
src/app/onboarding/page.tsx(241,28): error TS7006: Parameter 'e' implicitly has an 'any' type.
src/app/onboarding/page.tsx(337,28): error TS7006: Parameter 'e' implicitly has an 'any' type.
src/app/page.tsx(107,15): error TS2322: Type '{ children: Element; asChild: true; size: "lg"; className: string; }' is not assignable to type 'IntrinsicAttributes & ButtonProps & VariantProps<(props?: (ConfigVariants<{ variant: { default: string; outline: string; secondary: string; ghost: string; destructive: string; link: string; }; size: { ...; }; }> & ClassProp) | undefined) => string>'.
  Property 'asChild' does not exist on type 'IntrinsicAttributes & ButtonProps & VariantProps<(props?: (ConfigVariants<{ variant: { default: string; outline: string; secondary: string; ghost: string; destructive: string; link: string; }; size: { ...; }; }> & ClassProp) | undefined) => string>'.
src/app/page.tsx(116,21): error TS2322: Type '{ children: Element; asChild: true; variant: "outline"; size: "lg"; className: string; }' is not assignable to type 'IntrinsicAttributes & ButtonProps & VariantProps<(props?: (ConfigVariants<{ variant: { default: string; outline: string; secondary: string; ghost: string; destructive: string; link: string; }; size: { ...; }; }> & ClassProp) | undefined) => string>'.
  Property 'asChild' does not exist on type 'IntrinsicAttributes & ButtonProps & VariantProps<(props?: (ConfigVariants<{ variant: { default: string; outline: string; secondary: string; ghost: string; destructive: string; link: string; }; size: { ...; }; }> & ClassProp) | undefined) => string>'.
src/app/page.tsx(251,15): error TS2322: Type '{ children: Element; asChild: true; size: "lg"; className: string; }' is not assignable to type 'IntrinsicAttributes & ButtonProps & VariantProps<(props?: (ConfigVariants<{ variant: { default: string; outline: string; secondary: string; ghost: string; destructive: string; link: string; }; size: { ...; }; }> & ClassProp) | undefined) => string>'.
  Property 'asChild' does not exist on type 'IntrinsicAttributes & ButtonProps & VariantProps<(props?: (ConfigVariants<{ variant: { default: string; outline: string; secondary: string; ghost: string; destructive: string; link: string; }; size: { ...; }; }> & ClassProp) | undefined) => string>'.
src/app/profile/page.tsx(48,25): error TS2322: Type '{ children: Element; asChild: true; variant: "outline"; size: "sm"; className: string; }' is not assignable to type 'IntrinsicAttributes & ButtonProps & VariantProps<(props?: (ConfigVariants<{ variant: { default: string; outline: string; secondary: string; ghost: string; destructive: string; link: string; }; size: { ...; }; }> & ClassProp) | undefined) => string>'.
  Property 'asChild' does not exist on type 'IntrinsicAttributes & ButtonProps & VariantProps<(props?: (ConfigVariants<{ variant: { default: string; outline: string; secondary: string; ghost: string; destructive: string; link: string; }; size: { ...; }; }> & ClassProp) | undefined) => string>'.
src/app/profile/page.tsx(118,23): error TS2322: Type '{ children: Element; asChild: true; className: string; }' is not assignable to type 'IntrinsicAttributes & ButtonProps & VariantProps<(props?: (ConfigVariants<{ variant: { default: string; outline: string; secondary: string; ghost: string; destructive: string; link: string; }; size: { ...; }; }> & ClassProp) | undefined) => string>'.
  Property 'asChild' does not exist on type 'IntrinsicAttributes & ButtonProps & VariantProps<(props?: (ConfigVariants<{ variant: { default: string; outline: string; secondary: string; ghost: string; destructive: string; link: string; }; size: { ...; }; }> & ClassProp) | undefined) => string>'.
src/app/scholarships/[id]/page.tsx(77,23): error TS2322: Type '{ children: Element; asChild: true; className: string; }' is not assignable to type 'IntrinsicAttributes & ButtonProps & VariantProps<(props?: (ConfigVariants<{ variant: { default: string; outline: string; secondary: string; ghost: string; destructive: string; link: string; }; size: { ...; }; }> & ClassProp) | undefined) => string>'.
  Property 'asChild' does not exist on type 'IntrinsicAttributes & ButtonProps & VariantProps<(props?: (ConfigVariants<{ variant: { default: string; outline: string; secondary: string; ghost: string; destructive: string; link: string; }; size: { ...; }; }> & ClassProp) | undefined) => string>'.
src/app/scholarships/page.tsx(10,23): error TS2307: Cannot find module '@/components/ui/input' or its corresponding type declarations.
src/app/scholarships/page.tsx(39,83): error TS7006: Parameter 'e' implicitly has an 'any' type.
src/app/tracker/page.tsx(96,21): error TS2322: Type '{ children: Element; asChild: true; className: string; }' is not assignable to type 'IntrinsicAttributes & ButtonProps & VariantProps<(props?: (ConfigVariants<{ variant: { default: string; outline: string; secondary: string; ghost: string; destructive: string; link: string; }; size: { ...; }; }> & ClassProp) | undefined) => string>'.
  Property 'asChild' does not exist on type 'IntrinsicAttributes & ButtonProps & VariantProps<(props?: (ConfigVariants<{ variant: { default: string; outline: string; secondary: string; ghost: string; destructive: string; link: string; }; size: { ...; }; }> & ClassProp) | undefined) => string>'.
src/app/universities/[id]/page.tsx(92,23): error TS2322: Type '{ children: Element; asChild: true; className: string; }' is not assignable to type 'IntrinsicAttributes & ButtonProps & VariantProps<(props?: (ConfigVariants<{ variant: { default: string; outline: string; secondary: string; ghost: string; destructive: string; link: string; }; size: { ...; }; }> & ClassProp) | undefined) => string>'.
  Property 'asChild' does not exist on type 'IntrinsicAttributes & ButtonProps & VariantProps<(props?: (ConfigVariants<{ variant: { default: string; outline: string; secondary: string; ghost: string; destructive: string; link: string; }; size: { ...; }; }> & ClassProp) | undefined) => string>'.
src/app/universities/page.tsx(10,23): error TS2307: Cannot find module '@/components/ui/input' or its corresponding type declarations.
src/app/universities/page.tsx(54,28): error TS7006: Parameter 'e' implicitly has an 'any' type.
src/components/Navbar.tsx(13,8): error TS2307: Cannot find module '@/components/ui/dropdown-menu' or its corresponding type declarations.
src/components/Navbar.tsx(101,41): error TS2322: Type '{ children: Element; variant: "ghost"; asChild: true; className: string; }' is not assignable to type 'IntrinsicAttributes & ButtonProps & VariantProps<(props?: (ConfigVariants<{ variant: { default: string; outline: string; secondary: string; ghost: string; destructive: string; link: string; }; size: { ...; }; }> & ClassProp) | undefined) => string>'.
  Property 'asChild' does not exist on type 'IntrinsicAttributes & ButtonProps & VariantProps<(props?: (ConfigVariants<{ variant: { default: string; outline: string; secondary: string; ghost: string; destructive: string; link: string; }; size: { ...; }; }> & ClassProp) | undefined) => string>'.
src/components/Navbar.tsx(104,25): error TS2322: Type '{ children: Element; asChild: true; className: string; }' is not assignable to type 'IntrinsicAttributes & ButtonProps & VariantProps<(props?: (ConfigVariants<{ variant: { default: string; outline: string; secondary: string; ghost: string; destructive: string; link: string; }; size: { ...; }; }> & ClassProp) | undefined) => string>'.
  Property 'asChild' does not exist on type 'IntrinsicAttributes & ButtonProps & VariantProps<(props?: (ConfigVariants<{ variant: { default: string; outline: string; secondary: string; ghost: string; destructive: string; link: string; }; size: { ...; }; }> & ClassProp) | undefined) => string>'.
